> hvigor [91mERROR: BUILD FAILED in 29 s 425 ms [39m
